INFO:root:Message received: Karen
INFO:root:Message received: Michael
INFO:root:Message received: Elizabeth
INFO:root:Message received: Joseph
INFO:root:Message received: Kimberly
INFO:root:Message received: Natalie
INFO:root:Message received: Brittany
INFO:root:Message received: Jessica
INFO:root:Message received: Peter
INFO:root:Message received: Jason
INFO:root:Message received: Robert
INFO:root:Message received: Sonya
INFO:root:Message received: Krista
INFO:root:Message received: Dave
INFO:root:Message received: Brad
INFO:root:Message received: Grace
INFO:root:Message received: Brooke
INFO:root:Message received: Jeffrey
INFO:root:Message received: Gregory
INFO:root:Message received: Kathy
INFO:root:Message received: Douglas
INFO:root:Message received: Donald
INFO:root:Message received: William
INFO:root:Message received: Scott
INFO:root:Message received: Carol
INFO:root:Message received: Scott
INFO:root:Message received: Robert
INFO:root:Message received: Sarah
ERROR:root:End of partition reached testtopic/0
INFO:root:Message received: Daisy
INFO:root:Message received: Rachel
INFO:root:Message received: Melissa
INFO:root:Message received: Jason
INFO:root:Message received: Johnny
INFO:root:Message received: Meredith
INFO:root:Message received: Juan
INFO:root:Message received: Randall
INFO:root:Message received: Jennifer
INFO:root:Message received: Chelsey
INFO:root:Message received: Michelle
INFO:root:Message received: Lisa
INFO:root:Message received: Stephanie
INFO:root:Message received: Brian
ERROR:root:End of partition reached testtopic/0
INFO:root:Message received: Sydney
INFO:root:Message received: Edwin
INFO:root:Message received: Diana
INFO:root:Message received: Kathy
INFO:root:Message received: Lauren
INFO:root:Message received: Robert
INFO:root:Message received: Brandy
INFO:root:Message received: Tabitha
INFO:root:Message received: Jonathan
INFO:root:Message received: Jennifer
INFO:root:Message received: Lee
INFO:root:Message received: James
INFO:root:Message received: Tabitha
INFO:root:Message received: Claudia
ERROR:root:End of partition reached testtopic/0
